---
source: crates/ember-cli/tests/snapshot_tests.rs
expression: table
---

+----+----------------------+----------+--------+---------+---------------------+
| ID | Title                | Model    | Tokens | Cost    | Created             |
+----+----------------------+----------+--------+---------+---------------------+
| 1  | Geography Questions  | gpt-4    | 150    | $0.0045 | 2024-01-15 10:30:00 |
| 2  | Code Review          | gpt-4    | 2500   | $0.0750 | 2024-01-15 11:00:00 |
| 3  | Email Draft          | gpt-3.5  | 800    | $0.0016 | 2024-01-15 11:30:00 |
+----+----------------------+----------+--------+---------+---------------------+
