---
source: crates/ember-cli/tests/snapshot_tests.rs
expression: layout
---

+----------------------------------------------------------+
| Settings                                            [X]  |
+----------------------------------------------------------+
|                                                          |
| Provider: [OpenAI     v]                                 |
|                                                          |
| Model:    [gpt-4      v]                                 |
|                                                          |
| Temperature: [0.7____]                                   |
|                                                          |
| Max Tokens:  [4096___]                                   |
|                                                          |
| [x] Enable streaming                                     |
| [ ] Show token counts                                    |
| [x] Auto-save conversations                              |
|                                                          |
|                                                          |
|                     [Cancel]  [Save]                     |
+----------------------------------------------------------+
